################################################################################
#                                                                              #
#      IAR Universal Linker V6.5.1.95                                          #
#                                                                              #
#           Link time     =  28/Jun/2019  17:44:11                             #
#           Target CPU    =  MSP430                                            #
#           List file     =  G:\项目\NB-IOT\AD加入Flash串口结束判断\Debug\List #
#                            \AD-Flash.map                                     #
#           Output file 1 =  G:\项目\NB-IOT\AD加入Flash串口结束判断\Debug\Exe\ #
#                            AD-Flash.d43                                      #
#                            Format: ubrof10                                   #
#                            UBROF version 10.0.6                              #
#                            Using library modules for C-SPY (-rt)             #
#           Command line  =  -f C:\Users\yudon\AppData\Local\Temp\EW3B2F.tmp   #
#                            (G:\项目\NB-IOT\AD加入Flash串口结束判断\Debug\Obj #
#                            \main.r43                                         #
#                            -o                                                #
#                            G:\项目\NB-IOT\AD加入Flash串口结束判断\Debug\Exe\ #
#                            AD-Flash.d43                                      #
#                            -l                                                #
#                            G:\项目\NB-IOT\AD加入Flash串口结束判断\Debug\List #
#                            \AD-Flash.map                                     #
#                            -xms                                              #
#                            "-IG:\Program Files (x86)\IAR Systems\Embedded Wo #
#                            rkbench 8.0\430\LIB\"                             #
#                            -f                                                #
#                            "G:\Program Files (x86)\IAR Systems\Embedded Work #
#                            bench 8.0\430\config\linker\lnk430f149.xcl"       #
#                            (-cmsp430 -QCODE_I=CODE_ID -QTLS16_I=TLS16_ID     #
#                            -D__iar_HWMUL=130 -Z(CONST)INFO=1000-10FF         #
#                            -Z(CONST)INFOA=1080-10FF                          #
#                            -Z(CONST)INFOB=1000-107F                          #
#                            -Z(DATA)DATA16_I,DATA16_Z,DATA16_N,TLS16_I=0200-0 #
#                            9FF                                               #
#                            -Z(DATA)DATA16_HEAP+_DATA16_HEAP_SIZE             #
#                            -Z(DATA)CODE_I -Z(DATA)CSTACK+_STACK_SIZE#        #
#                            -Z(CONST)DATA16_C,DATA16_ID,TLS16_ID,DIFUNCT,CHEC #
#                            KSUM=1100-FFDF                                    #
#                            -Z(CODE)CSTART,ISR_CODE,CODE_ID=1100-FFDF         #
#                            -P(CODE)CODE=1100-FFDF -Z(CODE)INTVEC=FFE0-FFFF   #
#                            -Z(CODE)RESET=FFFE-FFFF) -f                       #
#                            "G:\Program Files (x86)\IAR Systems\Embedded Work #
#                            bench 8.0\430\config\linker\multiplier.xcl"       #
#                            (-e?Mul8Hw=?Mul8 -e?Mul16Hw=?Mul16                #
#                            -e?Mul16to32uHw=?Mul16to32u                       #
#                            -e?Mul16to32sHw=?Mul16to32s -e?Mul32Hw=?Mul32     #
#                            -e_Mul64iHw=_Mul64i                               #
#                            -e_Mul32u32uto64iHw=_Mul32u32uto64i               #
#                            -e?Mul32fHw=_Mul32f -e_Mul64fHwPtr=_Mul64fPtr)    #
#                            -D_STACK_SIZE=50 -rt                              #
#                            "G:\Program Files (x86)\IAR Systems\Embedded Work #
#                            bench 8.0\430\lib\dlib\dl430fn.r43"               #
#                            -e_PrintfLarge=_Printf -e_ScanfLarge=_Scanf       #
#                            -D_DATA16_HEAP_SIZE=50 -s __program_start         #
#                            -D_DATA20_HEAP_SIZE=50)                           #
#                                                                              #
#                           Copyright (C) 1987-2016 IAR Systems AB.            #
################################################################################





                ****************************************
                *                                      *
                *           CROSS REFERENCE            *
                *                                      *
                ****************************************

       Program entry at :           1318  Relocatable, from module : ?cstart




                ****************************************
                *                                      *
                *            RUNTIME MODEL             *
                *                                      *
                ****************************************

  __Heap_Handler             = Basic
  __SystemLibrary            = DLib
  __core                     = 430
  __dlib_file_descriptor     = 0
  __dlib_full_locale_support = 0
  __double_size              = 32
  __pic                      = no
  __reg_r4                   = free
  __reg_r5                   = free
  __rt_version               = 3

                ****************************************
                *                                      *
                *    AUTOMATIC SYMBOL REDIRECTIONS     *
                *                                      *
                ****************************************

                  There are no automatic symbol redirections.



                ****************************************
                *                                      *
                *              MODULE MAP              *
                *                                      *
                ****************************************


  DEFINED ABSOLUTE ENTRIES
    *************************************************************************

  DEFINED ABSOLUTE ENTRIES
  PROGRAM MODULE, NAME : ?ABS_ENTRY_MOD

Absolute parts
           ENTRY                   ADDRESS         REF BY
           =====                   =======         ======
           _DATA20_HEAP_SIZE       0050 
           _DATA16_HEAP_SIZE       0050 
           _STACK_SIZE             0050 
           __iar_HWMUL             0130 
    *************************************************************************

  FILE NAME : G:\项目\NB-IOT\AD加入Flash串口结束判断\Debug\Obj\main.r43
  PROGRAM MODULE, NAME : main

  SEGMENTS IN THE MODULE
  ======================
DATA16_AN
  Relative segment, address: 0000 - 0000 (0x1 bytes), align: 0
  Segment part 1. ROOT        Intra module refs:   InitUART
           ENTRY                   ADDRESS         REF BY
           =====                   =======         ======
           _A_IE1                  0000 
           LOCAL                   ADDRESS         
           =====                   =======         
           IE1                     0000 
           IE1_bit                 0000 
    -------------------------------------------------------------------------
DATA16_AN
  Relative segment, address: 0002 - 0002 (0x1 bytes), align: 0
  Segment part 2. ROOT        Intra module refs:   ExterOSC
                                                   SendChar
           ENTRY                   ADDRESS         REF BY
           =====                   =======         ======
           _A_IFG1                 0002 
           LOCAL                   ADDRESS         
           =====                   =======         
           IFG1                    0002 
           IFG1_bit                0002 
    -------------------------------------------------------------------------
DATA16_AN
  Relative segment, address: 0004 - 0004 (0x1 bytes), align: 0
  Segment part 3. ROOT        Intra module refs:   InitUART
           ENTRY                   ADDRESS         REF BY
           =====                   =======         ======
           _A_ME1                  0004 
           LOCAL                   ADDRESS         
           =====                   =======         
           ME1                     0004 
           ME1_bit                 0004 
    -------------------------------------------------------------------------
DATA16_AN
  Relative segment, address: 0120 - 0121 (0x2 bytes), align: 0
  Segment part 4. ROOT        Intra module refs:   main
           ENTRY                   ADDRESS         REF BY
           =====                   =======         ======
           _A_WDTCTL               0120 
           LOCAL                   ADDRESS         
           =====                   =======         
           WDTCTL                  0120 
           WDTCTL_bit              0120 
    -------------------------------------------------------------------------
DATA16_AN
  Relative segment, address: 0021 - 0021 (0x1 bytes), align: 0
  Segment part 5. ROOT        Intra module refs:   main
           ENTRY                   ADDRESS         REF BY
           =====                   =======         ======
           _A_P1OUT                0021 
           LOCAL                   ADDRESS         
           =====                   =======         
           P1OUT                   0021 
           P1OUT_bit               0021 
    -------------------------------------------------------------------------
DATA16_AN
  Relative segment, address: 0022 - 0022 (0x1 bytes), align: 0
  Segment part 6. ROOT        Intra module refs:   main
           ENTRY                   ADDRESS         REF BY
           =====                   =======         ======
           _A_P1DIR                0022 
           LOCAL                   ADDRESS         
           =====                   =======         
           P1DIR                   0022 
           P1DIR_bit               0022 
    -------------------------------------------------------------------------
DATA16_AN
  Relative segment, address: 0029 - 0029 (0x1 bytes), align: 0
  Segment part 7. ROOT        Intra module refs:   main
           ENTRY                   ADDRESS         REF BY
           =====                   =======         ======
           _A_P2OUT                0029 
           LOCAL                   ADDRESS         
           =====                   =======         
           P2OUT                   0029 
           P2OUT_bit               0029 
    -------------------------------------------------------------------------
DATA16_AN
  Relative segment, address: 002A - 002A (0x1 bytes), align: 0
  Segment part 8. ROOT        Intra module refs:   main
           ENTRY                   ADDRESS         REF BY
           =====                   =======         ======
           _A_P2DIR                002A 
           LOCAL                   ADDRESS         
           =====                   =======         
           P2DIR                   002A 
           P2DIR_bit               002A 
    -------------------------------------------------------------------------
DATA16_AN
  Relative segment, address: 0019 - 0019 (0x1 bytes), align: 0
  Segment part 9. ROOT        Intra module refs:   SendBuffer
           ENTRY                   ADDRESS         REF BY
           =====                   =======         ======
           _A_P3OUT                0019 
           LOCAL                   ADDRESS         
           =====                   =======         
           P3OUT                   0019 
           P3OUT_bit               0019 
    -------------------------------------------------------------------------
DATA16_AN
  Relative segment, address: 001B - 001B (0x1 bytes), align: 0
  Segment part 10. ROOT       Intra module refs:   InitUART
           ENTRY                   ADDRESS         REF BY
           =====                   =======         ======
           _A_P3SEL                001B 
           LOCAL                   ADDRESS         
           =====                   =======         
           P3SEL                   001B 
           P3SEL_bit               001B 
    -------------------------------------------------------------------------
DATA16_AN
  Relative segment, address: 001D - 001D (0x1 bytes), align: 0
  Segment part 11. ROOT       Intra module refs:   main
           ENTRY                   ADDRESS         REF BY
           =====                   =======         ======
           _A_P4OUT                001D 
           LOCAL                   ADDRESS         
           =====                   =======         
           P4OUT                   001D 
           P4OUT_bit               001D 
    -------------------------------------------------------------------------
DATA16_AN
  Relative segment, address: 001E - 001E (0x1 bytes), align: 0
  Segment part 12. ROOT       Intra module refs:   main
           ENTRY                   ADDRESS         REF BY
           =====                   =======         ======
           _A_P4DIR                001E 
           LOCAL                   ADDRESS         
           =====                   =======         
           P4DIR                   001E 
           P4DIR_bit               001E 
    -------------------------------------------------------------------------
DATA16_AN
  Relative segment, address: 0031 - 0031 (0x1 bytes), align: 0
  Segment part 13. ROOT       Intra module refs:   main
           ENTRY                   ADDRESS         REF BY
           =====                   =======         ======
           _A_P5OUT                0031 
           LOCAL                   ADDRESS         
           =====                   =======         
           P5OUT                   0031 
           P5OUT_bit               0031 
    -------------------------------------------------------------------------
DATA16_AN
  Relative segment, address: 0032 - 0032 (0x1 bytes), align: 0
  Segment part 14. ROOT       Intra module refs:   main
           ENTRY                   ADDRESS         REF BY
           =====                   =======         ======
           _A_P5DIR                0032 
           LOCAL                   ADDRESS         
           =====                   =======         
           P5DIR                   0032 
           P5DIR_bit               0032 
    -------------------------------------------------------------------------
DATA16_AN
  Relative segment, address: 0035 - 0035 (0x1 bytes), align: 0
  Segment part 15. ROOT       Intra module refs:   main
           ENTRY                   ADDRESS         REF BY
           =====                   =======         ======
           _A_P6OUT                0035 
           LOCAL                   ADDRESS         
           =====                   =======         
           P6OUT                   0035 
           P6OUT_bit               0035 
    -------------------------------------------------------------------------
DATA16_AN
  Relative segment, address: 0036 - 0036 (0x1 bytes), align: 0
  Segment part 16. ROOT       Intra module refs:   main
           ENTRY                   ADDRESS         REF BY
           =====                   =======         ======
           _A_P6DIR                0036 
           LOCAL                   ADDRESS         
           =====                   =======         
           P6DIR                   0036 
           P6DIR_bit               0036 
    -------------------------------------------------------------------------
DATA16_AN
  Relative segment, address: 0037 - 0037 (0x1 bytes), align: 0
  Segment part 17. ROOT       Intra module refs:   Init_ADC
           ENTRY                   ADDRESS         REF BY
           =====                   =======         ======
           _A_P6SEL                0037 
           LOCAL                   ADDRESS         
           =====                   =======         
           P6SEL                   0037 
           P6SEL_bit               0037 
    -------------------------------------------------------------------------
DATA16_AN
  Relative segment, address: 0070 - 0070 (0x1 bytes), align: 0
  Segment part 18. ROOT       Intra module refs:   InitUART
           ENTRY                   ADDRESS         REF BY
           =====                   =======         ======
           _A_U0CTL                0070 
           LOCAL                   ADDRESS         
           =====                   =======         
           U0CTL                   0070 
           U0CTL_bit               0070 
    -------------------------------------------------------------------------
DATA16_AN
  Relative segment, address: 0071 - 0071 (0x1 bytes), align: 0
  Segment part 19. ROOT       Intra module refs:   InitUART
           ENTRY                   ADDRESS         REF BY
           =====                   =======         ======
           _A_U0TCTL               0071 
           LOCAL                   ADDRESS         
           =====                   =======         
           U0TCTL                  0071 
           U0TCTL_bit              0071 
    -------------------------------------------------------------------------
DATA16_AN
  Relative segment, address: 0073 - 0073 (0x1 bytes), align: 0
  Segment part 20. ROOT       Intra module refs:   InitUART
           ENTRY                   ADDRESS         REF BY
           =====                   =======         ======
           U0MCTL                  0073 
    -------------------------------------------------------------------------
DATA16_AN
  Relative segment, address: 0074 - 0074 (0x1 bytes), align: 0
  Segment part 21. ROOT       Intra module refs:   InitUART
           ENTRY                   ADDRESS         REF BY
           =====                   =======         ======
           U0BR0                   0074 
    -------------------------------------------------------------------------
DATA16_AN
  Relative segment, address: 0075 - 0075 (0x1 bytes), align: 0
  Segment part 22. ROOT       Intra module refs:   InitUART
           ENTRY                   ADDRESS         REF BY
           =====                   =======         ======
           U0BR1                   0075 
    -------------------------------------------------------------------------
DATA16_AN
  Relative segment, address: 0076 - 0076 (0x1 bytes), align: 0
  Segment part 23. ROOT       Intra module refs:   uart
           ENTRY                   ADDRESS         REF BY
           =====                   =======         ======
           U0RXBUF                 0076 
    -------------------------------------------------------------------------
DATA16_AN
  Relative segment, address: 0077 - 0077 (0x1 bytes), align: 0
  Segment part 24. ROOT       Intra module refs:   SendChar
           ENTRY                   ADDRESS         REF BY
           =====                   =======         ======
           U0TXBUF                 0077 
    -------------------------------------------------------------------------
DATA16_AN
  Relative segment, address: 0160 - 0161 (0x2 bytes), align: 0
  Segment part 25. ROOT       Intra module refs:   Timer
                                                   TimerInit
                                                   uart
           ENTRY                   ADDRESS         REF BY
           =====                   =======         ======
           _A_TACTL                0160 
           LOCAL                   ADDRESS         
           =====                   =======         
           TACTL                   0160 
           TACTL_bit               0160 
    -------------------------------------------------------------------------
DATA16_AN
  Relative segment, address: 0162 - 0163 (0x2 bytes), align: 0
  Segment part 26. ROOT       Intra module refs:   TimerInit
           ENTRY                   ADDRESS         REF BY
           =====                   =======         ======
           _A_TACCTL0              0162 
           LOCAL                   ADDRESS         
           =====                   =======         
           TACCTL0                 0162 
           TACCTL0_bit             0162 
    -------------------------------------------------------------------------
DATA16_AN
  Relative segment, address: 0172 - 0173 (0x2 bytes), align: 0
  Segment part 27. ROOT       Intra module refs:   Timer
                                                   TimerInit
                                                   uart
           ENTRY                   ADDRESS         REF BY
           =====                   =======         ======
           TACCR0                  0172 
    -------------------------------------------------------------------------
DATA16_AN
  Relative segment, address: 0057 - 0057 (0x1 bytes), align: 0
  Segment part 28. ROOT       Intra module refs:   ExterOSC
           ENTRY                   ADDRESS         REF BY
           =====                   =======         ======
           _A_BCSCTL1              0057 
           LOCAL                   ADDRESS         
           =====                   =======         
           BCSCTL1                 0057 
           BCSCTL1_bit             0057 
    -------------------------------------------------------------------------
DATA16_AN
  Relative segment, address: 0058 - 0058 (0x1 bytes), align: 0
  Segment part 29. ROOT       Intra module refs:   ExterOSC
           ENTRY                   ADDRESS         REF BY
           =====                   =======         ======
           _A_BCSCTL2              0058 
           LOCAL                   ADDRESS         
           =====                   =======         
           BCSCTL2                 0058 
           BCSCTL2_bit             0058 
    -------------------------------------------------------------------------
DATA16_AN
  Relative segment, address: 0128 - 0129 (0x2 bytes), align: 0
  Segment part 30. ROOT 
           ENTRY                   ADDRESS         REF BY
           =====                   =======         ======
           _A_FCTL1                0128 
           LOCAL                   ADDRESS         
           =====                   =======         
           FCTL1                   0128 
           FCTL1_bit               0128 
    -------------------------------------------------------------------------
DATA16_AN
  Relative segment, address: 012A - 012B (0x2 bytes), align: 0
  Segment part 31. ROOT 
           ENTRY                   ADDRESS         REF BY
           =====                   =======         ======
           _A_FCTL2                012A 
           LOCAL                   ADDRESS         
           =====                   =======         
           FCTL2                   012A 
           FCTL2_bit               012A 
    -------------------------------------------------------------------------
DATA16_AN
  Relative segment, address: 012C - 012D (0x2 bytes), align: 0
  Segment part 32. ROOT 
           ENTRY                   ADDRESS         REF BY
           =====                   =======         ======
           _A_FCTL3                012C 
           LOCAL                   ADDRESS         
           =====                   =======         
           FCTL3                   012C 
           FCTL3_bit               012C 
    -------------------------------------------------------------------------
DATA16_AN
  Relative segment, address: 01A0 - 01A1 (0x2 bytes), align: 0
  Segment part 33. ROOT       Intra module refs:   ADC12ISR
                                                   Init_ADC
                                                   main
           ENTRY                   ADDRESS         REF BY
           =====                   =======         ======
           _A_ADC12CTL0            01A0 
           LOCAL                   ADDRESS         
           =====                   =======         
           ADC12CTL0               01A0 
           ADC12CTL0_bit           01A0 
    -------------------------------------------------------------------------
DATA16_AN
  Relative segment, address: 01A2 - 01A3 (0x2 bytes), align: 0
  Segment part 34. ROOT       Intra module refs:   Init_ADC
           ENTRY                   ADDRESS         REF BY
           =====                   =======         ======
           _A_ADC12CTL1            01A2 
           LOCAL                   ADDRESS         
           =====                   =======         
           ADC12CTL1               01A2 
           ADC12CTL1_bit           01A2 
    -------------------------------------------------------------------------
DATA16_AN
  Relative segment, address: 01A6 - 01A7 (0x2 bytes), align: 0
  Segment part 35. ROOT       Intra module refs:   Init_ADC
           ENTRY                   ADDRESS         REF BY
           =====                   =======         ======
           ADC12IE                 01A6 
    -------------------------------------------------------------------------
DATA16_AN
  Relative segment, address: 0140 - 0141 (0x2 bytes), align: 0
  Segment part 36. ROOT       Intra module refs:   ADC12ISR
           ENTRY                   ADDRESS         REF BY
           =====                   =======         ======
           ADC12MEM0               0140 
    -------------------------------------------------------------------------
DATA16_AN
  Relative segment, address: 0142 - 0143 (0x2 bytes), align: 0
  Segment part 37. ROOT       Intra module refs:   ADC12ISR
           ENTRY                   ADDRESS         REF BY
           =====                   =======         ======
           ADC12MEM1               0142 
    -------------------------------------------------------------------------
DATA16_AN
  Relative segment, address: 0080 - 0080 (0x1 bytes), align: 0
  Segment part 38. ROOT       Intra module refs:   Init_ADC
           ENTRY                   ADDRESS         REF BY
           =====                   =======         ======
           _A_ADC12MCTL0           0080 
           LOCAL                   ADDRESS         
           =====                   =======         
           ADC12MCTL0              0080 
           ADC12MCTL0_bit          0080 
    -------------------------------------------------------------------------
DATA16_AN
  Relative segment, address: 0081 - 0081 (0x1 bytes), align: 0
  Segment part 39. ROOT       Intra module refs:   Init_ADC
           ENTRY                   ADDRESS         REF BY
           =====                   =======         ======
           _A_ADC12MCTL1           0081 
           LOCAL                   ADDRESS         
           =====                   =======         
           ADC12MCTL1              0081 
           ADC12MCTL1_bit          0081 
    -------------------------------------------------------------------------
DATA16_Z
  Relative segment, address: 0220 - 0220 (0x1 bytes), align: 0
  Segment part 44.            Intra module refs:   uart
           ENTRY                   ADDRESS         REF BY
           =====                   =======         ======
           NBOK                    0220 
    -------------------------------------------------------------------------
DATA16_I
  Relative segment, address: 0200 - 0200 (0x1 bytes), align: 0
  Segment part 47.            Intra module refs:   ADC12ISR
                                                   main
           ENTRY                   ADDRESS         REF BY
           =====                   =======         ======
           adchl                   0200 
    -------------------------------------------------------------------------
DATA16_Z
  Relative segment, address: 0218 - 021B (0x4 bytes), align: 1
  Segment part 49.            Intra module refs:   ADC12ISR
           ENTRY                   ADDRESS         REF BY
           =====                   =======         ======
           average0                0218 
    -------------------------------------------------------------------------
DATA16_Z
  Relative segment, address: 021C - 021F (0x4 bytes), align: 1
  Segment part 50.            Intra module refs:   ADC12ISR
           ENTRY                   ADDRESS         REF BY
           =====                   =======         ======
           average1                021C 
    -------------------------------------------------------------------------
DATA16_I
  Relative segment, address: 0201 - 0214 (0x14 bytes), align: 0
  Segment part 53.            Intra module refs:   ADC12ISR
                                                   SendBuffer
                                                   main
                                                   uart
           ENTRY                   ADDRESS         REF BY
           =====                   =======         ======
           s1Buffer                0201 
    -------------------------------------------------------------------------
DATA16_Z
  Relative segment, address: 0221 - 0221 (0x1 bytes), align: 0
  Segment part 55.            Intra module refs:   SendBuffer
                                                   main
                                                   uart
           ENTRY                   ADDRESS         REF BY
           =====                   =======         ======
           s1BufIdx                0221 
    -------------------------------------------------------------------------
DATA16_I
  Relative segment, address: 0215 - 0215 (0x1 bytes), align: 0
  Segment part 56.            Intra module refs:   InitUART
           ENTRY                   ADDRESS         REF BY
           =====                   =======         ======
           Band                    0215 
    -------------------------------------------------------------------------
DATA16_I
  Relative segment, address: 0216 - 0216 (0x1 bytes), align: 0
  Segment part 58.            Intra module refs:   ADC12ISR
                                                   main
           ENTRY                   ADDRESS         REF BY
           =====                   =======         ======
           addr                    0216 
    -------------------------------------------------------------------------
DATA16_Z
  Relative segment, address: 0222 - 0222 (0x1 bytes), align: 0
  Segment part 60.            Intra module refs:   Timer
                                                   main
           ENTRY                   ADDRESS         REF BY
           =====                   =======         ======
           RecOK                   0222 
    -------------------------------------------------------------------------
DATA16_Z
  Relative segment, address: 0223 - 0223 (0x1 bytes), align: 0
  Segment part 61.            Intra module refs:   ADC12ISR
                                                   CRC16_INT
           ENTRY                   ADDRESS         REF BY
           =====                   =======         ======
           crcH                    0223 
    -------------------------------------------------------------------------
DATA16_Z
  Relative segment, address: 0224 - 0224 (0x1 bytes), align: 0
  Segment part 62.            Intra module refs:   ADC12ISR
                                                   CRC16_INT
           ENTRY                   ADDRESS         REF BY
           =====                   =======         ======
           crcL                    0224 
    -------------------------------------------------------------------------
<CODE> 1 (was CODE)
  Relative segment, address: 1552 - 15ED (0x9c bytes), align: 1
  Segment part 74.
           ENTRY                   ADDRESS         REF BY
           =====                   =======         ======
           main                    1552            Segment part 19 (?cstart)
               calls direct
    -------------------------------------------------------------------------
<CODE> 1 (was CODE)
  Relative segment, address: 15EE - 161F (0x32 bytes), align: 1
  Segment part 70.            Intra module refs:   main
           ENTRY                   ADDRESS         REF BY
           =====                   =======         ======
           Init_ADC                15EE 
    -------------------------------------------------------------------------
<CODE> 1 (was CODE)
  Relative segment, address: 1340 - 1465 (0x126 bytes), align: 1
  Segment part 76.            Intra module refs:   ADC12ISR::??INTVEC 14
           ENTRY                   ADDRESS         REF BY
           =====                   =======         ======
           ADC12ISR                1340 
               interrupt function
               calls direct
    -------------------------------------------------------------------------
DATA16_Z
  Relative segment, address: 0225 - 0225 (0x1 bytes), align: 0
  Segment part 64.            Intra module refs:   ADC12ISR
           LOCAL                   ADDRESS         
           =====                   =======         
           ADC12ISR::index         0225 
    -------------------------------------------------------------------------
<CODE> 1 (was CODE)
  Relative segment, address: 1466 - 1551 (0xec bytes), align: 1
  Segment part 71.            Intra module refs:   main
           ENTRY                   ADDRESS         REF BY
           =====                   =======         ======
           InitUART                1466 
    -------------------------------------------------------------------------
<CODE> 1 (was CODE)
  Relative segment, address: 1742 - 174D (0xc bytes), align: 1
  Segment part 67.            Intra module refs:   SendBuffer
           ENTRY                   ADDRESS         REF BY
           =====                   =======         ======
           SendChar                1742 
    -------------------------------------------------------------------------
<CODE> 1 (was CODE)
  Relative segment, address: 164E - 167B (0x2e bytes), align: 1
  Segment part 68.            Intra module refs:   ADC12ISR
                                                   main
           ENTRY                   ADDRESS         REF BY
           =====                   =======         ======
           SendBuffer              164E 
               calls direct
    -------------------------------------------------------------------------
<CODE> 1 (was CODE)
  Relative segment, address: 16E8 - 16FB (0x14 bytes), align: 1
  Segment part 72.            Intra module refs:   main
           ENTRY                   ADDRESS         REF BY
           =====                   =======         ======
           TimerInit               16E8 
    -------------------------------------------------------------------------
<CODE> 1 (was CODE)
  Relative segment, address: 170E - 171F (0x12 bytes), align: 1
  Segment part 77.            Intra module refs:   Timer::??INTVEC 12
           ENTRY                   ADDRESS         REF BY
           =====                   =======         ======
           Timer                   170E 
               interrupt function
    -------------------------------------------------------------------------
<CODE> 1 (was CODE)
  Relative segment, address: 167C - 16A7 (0x2c bytes), align: 1
  Segment part 78.            Intra module refs:   uart::??INTVEC 18
           ENTRY                   ADDRESS         REF BY
           =====                   =======         ======
           uart                    167C 
               interrupt function
    -------------------------------------------------------------------------
DATA16_C
  Relative segment, address: 1100 - 11FF (0x100 bytes), align: 0
  Segment part 65.            Intra module refs:   CRC16_INT
           ENTRY                   ADDRESS         REF BY
           =====                   =======         ======
           auchCRCHi               1100 
    -------------------------------------------------------------------------
DATA16_C
  Relative segment, address: 1200 - 12FF (0x100 bytes), align: 0
  Segment part 66.            Intra module refs:   CRC16_INT
           ENTRY                   ADDRESS         REF BY
           =====                   =======         ======
           auchCRCLo               1200 
    -------------------------------------------------------------------------
<CODE> 1 (was CODE)
  Relative segment, address: 1620 - 164D (0x2e bytes), align: 1
  Segment part 69.            Intra module refs:   ADC12ISR
                                                   main
           ENTRY                   ADDRESS         REF BY
           =====                   =======         ======
           CRC16_INT               1620 
    -------------------------------------------------------------------------
<CODE> 1 (was CODE)
  Relative segment, address: 16A8 - 16C9 (0x22 bytes), align: 1
  Segment part 73.            Intra module refs:   main
           ENTRY                   ADDRESS         REF BY
           =====                   =======         ======
           ExterOSC                16A8 
    -------------------------------------------------------------------------
INTVEC
  Common segment, address: FFE0 - FFED (0xe bytes), align: 1
  Segment part 40. ROOT 
           ENTRY                   ADDRESS         REF BY
           =====                   =======         ======
           Timer::??INTVEC 12      FFEC 
    -------------------------------------------------------------------------
INTVEC
  Common segment, address: FFE0 - FFEF (0x10 bytes), align: 1
  Segment part 41. ROOT 
           ENTRY                   ADDRESS         REF BY
           =====                   =======         ======
           ADC12ISR::??INTVEC 14   FFEE 
    -------------------------------------------------------------------------
INTVEC
  Common segment, address: FFE0 - FFF3 (0x14 bytes), align: 1
  Segment part 42. ROOT 
           ENTRY                   ADDRESS         REF BY
           =====                   =======         ======
           uart::??INTVEC 18       FFF2 
    -------------------------------------------------------------------------
DATA16_ID
  Relative segment, address: 1300 - 1300 (0x1 bytes), align: 0
  Segment part 48.            Intra module refs:   adchl
    -------------------------------------------------------------------------
DATA16_ID
  Relative segment, address: 1301 - 1314 (0x14 bytes), align: 0
  Segment part 54.            Intra module refs:   s1Buffer
    -------------------------------------------------------------------------
DATA16_ID
  Relative segment, address: 1315 - 1315 (0x1 bytes), align: 0
  Segment part 57.            Intra module refs:   Band
    -------------------------------------------------------------------------
DATA16_ID
  Relative segment, address: 1316 - 1316 (0x1 bytes), align: 0
  Segment part 59.            Intra module refs:   addr

    *************************************************************************

  FILE NAME : G:\Program Files (x86)\IAR Systems\Embedded Workbench 8.0\430\lib\dlib\dl430fn.r43
  LIBRARY MODULE, NAME : ?__dbg_break

  SEGMENTS IN THE MODULE
  ======================
<CODE> 1 (was CODE)
  Relative segment, address: 175A - 175B (0x2 bytes), align: 1
  Segment part 2.
           ENTRY                   ADDRESS         REF BY
           =====                   =======         ======
           __DebugBreak            175A            __exit (?__exit)

    -------------------------------------------------------------------------
  LIBRARY MODULE, NAME : ?__exit

  SEGMENTS IN THE MODULE
  ======================
<CODE> 1 (was CODE)
  Relative segment, address: 1720 - 1731 (0x12 bytes), align: 1
  Segment part 2.
           ENTRY                   ADDRESS         REF BY
           =====                   =======         ======
           __exit                  1720            Segment part 6 (?_exit)
                                                   _exit (?_exit)
               calls direct

    -------------------------------------------------------------------------
  LIBRARY MODULE, NAME : ?_exit

  SEGMENTS IN THE MODULE
  ======================
<CODE> 1 (was CODE)
  Relative segment, address: 1756, align: 1
  Segment part 0.
           ENTRY                   ADDRESS         REF BY
           =====                   =======         ======
           _exit                   1756            exit (?exit)
    -------------------------------------------------------------------------
<CODE> 1 (was CODE)
  Relative segment, address: 1756 - 1759 (0x4 bytes), align: 1
  Segment part 6.             Intra module refs:   _exit

    -------------------------------------------------------------------------
  LIBRARY MODULE, NAME : ?cstart

  SEGMENTS IN THE MODULE
  ======================
CSTACK
  Relative segment, address: 09B0, align: 1
  Segment part 1.
    -------------------------------------------------------------------------
DATA16_Z
  Relative segment, address: 0220, align: 1
  Segment part 2.
    -------------------------------------------------------------------------
DATA16_I
  Relative segment, address: 0200, align: 1
  Segment part 3.
    -------------------------------------------------------------------------
DATA16_ID
  Relative segment, address: 1300, align: 1
  Segment part 4.
    -------------------------------------------------------------------------
CSTART
  Relative segment, address: 1318 - 131B (0x4 bytes), align: 1
  Segment part 9.
           ENTRY                   ADDRESS         REF BY
           =====                   =======         ======
           __program_start         1318            ?reset_vector (?reset_vector)
                                                   Absolute parts (?ABS_ENTRY_MOD)
           ?cstart_begin           1318 
    -------------------------------------------------------------------------
CSTART
  Relative segment, address: 131C - 1327 (0xc bytes), align: 1
  Segment part 14.
           ENTRY                   ADDRESS         REF BY
           =====                   =======         ======
           ?cstart_init_zero       131C            ADC12ISR::index (main)
                                                   NBOK (main)
                                                   RecOK (main)
                                                   average0 (main)
                                                   average1 (main)
                                                   crcH (main)
                                                   crcL (main)
                                                   s1BufIdx (main)
    -------------------------------------------------------------------------
CSTART
  Relative segment, address: 1328 - 1337 (0x10 bytes), align: 1
  Segment part 15.
           ENTRY                   ADDRESS         REF BY
           =====                   =======         ======
           ?cstart_init_copy       1328            Band (main)
                                                   adchl (main)
                                                   addr (main)
                                                   s1Buffer (main)
    -------------------------------------------------------------------------
CSTART
  Relative segment, address: 1338 - 133F (0x8 bytes), align: 1
  Segment part 19.            Intra module refs:   Segment part 9
           ENTRY                   ADDRESS         REF BY
           =====                   =======         ======
           ?cstart_call_main       1338 
           ?cstart_end             1340 

    -------------------------------------------------------------------------
  LIBRARY MODULE, NAME : ?reset_vector

  SEGMENTS IN THE MODULE
  ======================
RESET
  Relative segment, address: FFFE - FFFF (0x2 bytes), align: 1
  Segment part 0.
           ENTRY                   ADDRESS         REF BY
           =====                   =======         ======
           ?reset_vector           FFFE            Segment part 9 (?cstart)

    -------------------------------------------------------------------------
  LIBRARY MODULE, NAME : ?exit

  SEGMENTS IN THE MODULE
  ======================
<CODE> 1 (was CODE)
  Relative segment, address: 1752 - 1755 (0x4 bytes), align: 1
  Segment part 2.
           ENTRY                   ADDRESS         REF BY
           =====                   =======         ======
           exit                    1752            Segment part 19 (?cstart)
               calls direct

    -------------------------------------------------------------------------
  LIBRARY MODULE, NAME : ?ShiftRight32u_n

  SEGMENTS IN THE MODULE
  ======================
<CODE> 1 (was CODE)
  Relative segment, address: 16CA - 16CF (0x6 bytes), align: 1
  Segment part 2.
           ENTRY                   ADDRESS         REF BY
           =====                   =======         ======
           ?ShiftRight32u_5        16CA            ADC12ISR (main)
    -------------------------------------------------------------------------
<CODE> 1 (was CODE)
  Relative segment, address: 16D0 - 16D5 (0x6 bytes), align: 1
  Segment part 3.             Intra module refs:   ?ShiftRight32u_5
           ENTRY                   ADDRESS         REF BY
           =====                   =======         ======
           ?ShiftRight32u_4        16D0 
    -------------------------------------------------------------------------
<CODE> 1 (was CODE)
  Relative segment, address: 16D6 - 16DB (0x6 bytes), align: 1
  Segment part 4.             Intra module refs:   ?ShiftRight32u_4
           ENTRY                   ADDRESS         REF BY
           =====                   =======         ======
           ?ShiftRight32u_3        16D6 
    -------------------------------------------------------------------------
<CODE> 1 (was CODE)
  Relative segment, address: 16DC - 16E7 (0xc bytes), align: 1
  Segment part 5.             Intra module refs:   ?ShiftRight32u_3
           ENTRY                   ADDRESS         REF BY
           =====                   =======         ======
           ?ShiftRight32u_2        16DC 

    -------------------------------------------------------------------------
  LIBRARY MODULE, NAME : ?memcpy

  SEGMENTS IN THE MODULE
  ======================
<CODE> 1 (was CODE)
  Relative segment, address: 16FC - 170D (0x12 bytes), align: 1
  Segment part 2.
           ENTRY                   ADDRESS         REF BY
           =====                   =======         ======
           memcpy                  16FC            __data16_memcpy (?memzero)

    -------------------------------------------------------------------------
  LIBRARY MODULE, NAME : ?memzero

  SEGMENTS IN THE MODULE
  ======================
<CODE> 1 (was CODE)
  Relative segment, address: 1732 - 1741 (0x10 bytes), align: 1
  Segment part 2.
           ENTRY                   ADDRESS         REF BY
           =====                   =======         ======
           __data16_memzero        1732            ?cstart_init_zero (?cstart)
    -------------------------------------------------------------------------
<CODE> 1 (was CODE)
  Relative segment, address: 174E - 1751 (0x4 bytes), align: 1
  Segment part 3.
           ENTRY                   ADDRESS         REF BY
           =====                   =======         ======
           __data16_memcpy         174E            ?cstart_init_copy (?cstart)
               calls direct




                ****************************************
                *                                      *
                *      SEGMENTS IN ADDRESS ORDER       *
                *                                      *
                ****************************************


SEGMENT              SPACE    START ADDRESS   END ADDRESS     SIZE  TYPE  ALIGN
=======              =====    =============   ===========     ====  ====  =====
DATA16_AN                              0000 - 0000               1   rel    0
                                       0002 - 0002               1 
                                       0004 - 0004               1 
                                       0019 - 0019               1 
                                       001B - 001B               1 
                                       001D - 001E               2 
                                       0021 - 0022               2 
                                       0029 - 002A               2 
                                       0031 - 0032               2 
                                       0035 - 0037               3 
                                       0057 - 0058               2 
                                       0070 - 0071               2 
                                       0073 - 0077               5 
                                       0080 - 0081               2 
                                       0120 - 0121               2 
                                       0128 - 012D               6 
                                       0140 - 0143               4 
                                       0160 - 0163               4 
                                       0172 - 0173               2 
                                       01A0 - 01A3               4 
                                       01A6 - 01A7               2 
DATA16_I                               0200 - 0216              17   rel    1
DATA16_Z                               0218 - 0225               E   rel    1
CSTACK                                 09B0 - 09FF              50   rel    1
DATA16_C                               1100 - 12FF             200   rel    0
DATA16_ID                              1300 - 1316              17   rel    1
CSTART                                 1318 - 133F              28   rel    1
<CODE> 1                               1340 - 175B             41C   rel    1
INTVEC                                 FFE0 - FFF3              14   com    1
RESET                                  FFFE - FFFF               2   rel    1

                ****************************************
                *                                      *
                *        END OF CROSS REFERENCE        *
                *                                      *
                ****************************************

 1 114 bytes of CODE  memory
   117 bytes of DATA  memory (+ 51 absolute )
   535 bytes of CONST memory

Errors: none
Warnings: none

